Component: ARM Compiler 5.06 update 5 (build 528) Tool: armlink [4d35e2]

==============================================================================

Section Cross References

    main.o(.text) refers to delay.o(.text) for delay_init
    main.o(.text) refers to misc.o(.text) for NVIC_PriorityGroupConfig
    main.o(.text) refers to gpio.o(.text) for gpio_Init
    main.o(.text) refers to stmflash.o(.text) for flash_init
    main.o(.text) refers to g_usart.o(.text) for uart_init
    main.o(.text) refers to rs_xx.o(.text) for relay_control
    main.o(.text) refers to rs_xx.o(.data) for get_sent_flag
    system_stm32f10x.o(.text) refers to system_stm32f10x.o(.data) for SystemCoreClock
    g_usart.o(.text) refers to stm32f10x_rcc.o(.text) for RCC_APB2PeriphClockCmd
    g_usart.o(.text) refers to stm32f10x_gpio.o(.text) for GPIO_Init
    g_usart.o(.text) refers to misc.o(.text) for NVIC_Init
    g_usart.o(.text) refers to stm32f10x_usart.o(.text) for USART_Init
    g_usart.o(.text) refers to rs_xx.o(.text) for lora_get
    g_usart.o(.text) refers to g_usart.o(.data) for g_HaveUSARTConfigured
    rs_xx.o(.text) refers to stm32f10x_usart.o(.text) for USART_GetITStatus
    rs_xx.o(.text) refers to stmflash.o(.text) for flash_485_write
    rs_xx.o(.text) refers to rs_xx.o(.data) for dkc_status
    rs_xx.o(.text) refers to stmflash.o(.data) for lora_id
    rs_xx.o(.text) refers to rs_xx.o(.bss) for checkCrcBuff
    rs_xx.o(.text) refers to send.o(.text) for USART_SendBytes
    gpio.o(.text) refers to stm32f10x_rcc.o(.text) for RCC_APB2PeriphClockCmd
    gpio.o(.text) refers to stm32f10x_gpio.o(.text) for GPIO_Init
    send.o(.text) refers to stm32f10x_usart.o(.text) for USART_GetFlagStatus
    stmflash.o(.text) refers to stm32f10x_flash.o(.text) for FLASH_ProgramHalfWord
    stmflash.o(.text) refers to send.o(.text) for USART_SendBytes
    stmflash.o(.text) refers to stmflash.o(.data) for base_num
    stmflash.o(.text) refers to stmflash.o(.bss) for STMFLASH_BUF
    stmflash.o(.text) refers to rs_xx.o(.data) for set_mode
    delay.o(.text) refers to misc.o(.text) for SysTick_CLKSourceConfig
    delay.o(.text) refers to system_stm32f10x.o(.data) for SystemCoreClock
    delay.o(.text) refers to delay.o(.data) for fac_us
    startup_stm32f10x_hd.o(RESET) refers to startup_stm32f10x_hd.o(STACK) for __initial_sp
    startup_stm32f10x_hd.o(RESET) refers to startup_stm32f10x_hd.o(.text) for Reset_Handler
    startup_stm32f10x_hd.o(RESET) refers to stm32f10x_it.o(.text) for NMI_Handler
    startup_stm32f10x_hd.o(RESET) refers to g_usart.o(.text) for USART1_IRQHandler
    startup_stm32f10x_hd.o(.text) refers to system_stm32f10x.o(.text) for SystemInit
    startup_stm32f10x_hd.o(.text) refers to entry.o(.ARM.Collect$$$$00000000) for __main
    stm32f10x_gpio.o(.text) refers to stm32f10x_rcc.o(.text) for RCC_APB2PeriphResetCmd
    stm32f10x_rcc.o(.text) refers to stm32f10x_rcc.o(.data) for APBAHBPrescTable
    stm32f10x_usart.o(.text) refers to stm32f10x_rcc.o(.text) for RCC_APB2PeriphResetCmd
    entry.o(.ARM.Collect$$$$00000000) refers (Special) to entry10a.o(.ARM.Collect$$$$0000000D) for __rt_final_cpp
    entry.o(.ARM.Collect$$$$00000000) refers (Special) to entry11a.o(.ARM.Collect$$$$0000000F) for __rt_final_exit
    entry.o(.ARM.Collect$$$$00000000) refers (Special) to entry7b.o(.ARM.Collect$$$$00000008) for _main_clock
    entry.o(.ARM.Collect$$$$00000000) refers (Special) to entry8b.o(.ARM.Collect$$$$0000000A) for _main_cpp_init
    entry.o(.ARM.Collect$$$$00000000) refers (Special) to entry9a.o(.ARM.Collect$$$$0000000B) for _main_init
    entry.o(.ARM.Collect$$$$00000000) refers (Special) to entry5.o(.ARM.Collect$$$$00000004) for _main_scatterload
    entry.o(.ARM.Collect$$$$00000000) refers (Special) to entry2.o(.ARM.Collect$$$$00000001) for _main_stk
    entry2.o(.ARM.Collect$$$$00000001) refers to entry2.o(.ARM.Collect$$$$00002712) for __lit__00000000
    entry2.o(.ARM.Collect$$$$00002712) refers to startup_stm32f10x_hd.o(STACK) for __initial_sp
    entry2.o(__vectab_stack_and_reset_area) refers to startup_stm32f10x_hd.o(STACK) for __initial_sp
    entry2.o(__vectab_stack_and_reset_area) refers to entry.o(.ARM.Collect$$$$00000000) for __main
    entry5.o(.ARM.Collect$$$$00000004) refers to init.o(.text) for __scatterload
    entry9a.o(.ARM.Collect$$$$0000000B) refers to main.o(.text) for main
    entry9b.o(.ARM.Collect$$$$0000000C) refers to main.o(.text) for main
    init.o(.text) refers to entry5.o(.ARM.Collect$$$$00000004) for __main_after_scatterload


==============================================================================

Removing Unused input sections from the image.

    Removing sys.o(.emb_text), (6 bytes).
    Removing sys.o(.text), (12 bytes).
    Removing core_cm3.o(.emb_text), (32 bytes).
    Removing startup_stm32f10x_hd.o(HEAP), (512 bytes).

4 unused section(s) (total 562 bytes) removed from the image.

==============================================================================

Image Symbol Table

    Local Symbols

    Symbol Name                              Value     Ov Type        Size  Object(Section)

    ../clib/microlib/init/entry.s            0x00000000   Number         0  entry2.o ABSOLUTE
    ../clib/microlib/init/entry.s            0x00000000   Number         0  entry9a.o ABSOLUTE
    ../clib/microlib/init/entry.s            0x00000000   Number         0  entry8b.o ABSOLUTE
    ../clib/microlib/init/entry.s            0x00000000   Number         0  entry8a.o ABSOLUTE
    ../clib/microlib/init/entry.s            0x00000000   Number         0  entry7b.o ABSOLUTE
    ../clib/microlib/init/entry.s            0x00000000   Number         0  entry9b.o ABSOLUTE
    ../clib/microlib/init/entry.s            0x00000000   Number         0  entry5.o ABSOLUTE
    ../clib/microlib/init/entry.s            0x00000000   Number         0  entry7a.o ABSOLUTE
    ../clib/microlib/init/entry.s            0x00000000   Number         0  entry10a.o ABSOLUTE
    ../clib/microlib/init/entry.s            0x00000000   Number         0  entry.o ABSOLUTE
    ../clib/microlib/init/entry.s            0x00000000   Number         0  entry10b.o ABSOLUTE
    ../clib/microlib/init/entry.s            0x00000000   Number         0  entry11a.o ABSOLUTE
    ../clib/microlib/init/entry.s            0x00000000   Number         0  entry11b.o ABSOLUTE
    ..\CORE\core_cm3.c                       0x00000000   Number         0  core_cm3.o ABSOLUTE
    ..\CORE\startup_stm32f10x_hd.s           0x00000000   Number         0  startup_stm32f10x_hd.o ABSOLUTE
    ..\HARDWARE\LED\gpio.c                   0x00000000   Number         0  gpio.o ABSOLUTE
    ..\HARDWARE\STMFLASH\stmflash.c          0x00000000   Number         0  stmflash.o ABSOLUTE
    ..\HARDWARE\modbus485\G_USART.c          0x00000000   Number         0  g_usart.o ABSOLUTE
    ..\HARDWARE\modbus485\RS_XX.c            0x00000000   Number         0  rs_xx.o ABSOLUTE
    ..\HARDWARE\modbus485\send.c             0x00000000   Number         0  send.o ABSOLUTE
    ..\STM32F10x_FWLib\src\misc.c            0x00000000   Number         0  misc.o ABSOLUTE
    ..\STM32F10x_FWLib\src\stm32f10x_flash.c 0x00000000   Number         0  stm32f10x_flash.o ABSOLUTE
    ..\STM32F10x_FWLib\src\stm32f10x_gpio.c  0x00000000   Number         0  stm32f10x_gpio.o ABSOLUTE
    ..\STM32F10x_FWLib\src\stm32f10x_rcc.c   0x00000000   Number         0  stm32f10x_rcc.o ABSOLUTE
    ..\STM32F10x_FWLib\src\stm32f10x_usart.c 0x00000000   Number         0  stm32f10x_usart.o ABSOLUTE
    ..\SYSTEM\delay\delay.c                  0x00000000   Number         0  delay.o ABSOLUTE
    ..\SYSTEM\sys\sys.c                      0x00000000   Number         0  sys.o ABSOLUTE
    ..\SYSTEM\usart\usart.c                  0x00000000   Number         0  usart.o ABSOLUTE
    ..\\CORE\\core_cm3.c                     0x00000000   Number         0  core_cm3.o ABSOLUTE
    ..\\SYSTEM\\sys\\sys.c                   0x00000000   Number         0  sys.o ABSOLUTE
    dc.s                                     0x00000000   Number         0  dc.o ABSOLUTE
    handlers.s                               0x00000000   Number         0  handlers.o ABSOLUTE
    init.s                                   0x00000000   Number         0  init.o ABSOLUTE
    main.c                                   0x00000000   Number         0  main.o ABSOLUTE
    stm32f10x_it.c                           0x00000000   Number         0  stm32f10x_it.o ABSOLUTE
    system_stm32f10x.c                       0x00000000   Number         0  system_stm32f10x.o ABSOLUTE
    RESET                                    0x08000000   Section      304  startup_stm32f10x_hd.o(RESET)
    .ARM.Collect$$$$00000000                 0x08000130   Section        0  entry.o(.ARM.Collect$$$$00000000)
    .ARM.Collect$$$$00000001                 0x08000130   Section        4  entry2.o(.ARM.Collect$$$$00000001)
    .ARM.Collect$$$$00000004                 0x08000134   Section        4  entry5.o(.ARM.Collect$$$$00000004)
    .ARM.Collect$$$$00000008                 0x08000138   Section        0  entry7b.o(.ARM.Collect$$$$00000008)
    .ARM.Collect$$$$0000000A                 0x08000138   Section        0  entry8b.o(.ARM.Collect$$$$0000000A)
    .ARM.Collect$$$$0000000B                 0x08000138   Section        8  entry9a.o(.ARM.Collect$$$$0000000B)
    .ARM.Collect$$$$0000000D                 0x08000140   Section        0  entry10a.o(.ARM.Collect$$$$0000000D)
    .ARM.Collect$$$$0000000F                 0x08000140   Section        0  entry11a.o(.ARM.Collect$$$$0000000F)
    .ARM.Collect$$$$00002712                 0x08000140   Section        4  entry2.o(.ARM.Collect$$$$00002712)
    __lit__00000000                          0x08000140   Data           4  entry2.o(.ARM.Collect$$$$00002712)
    .text                                    0x08000144   Section        0  main.o(.text)
    .text                                    0x080001d8   Section        0  stm32f10x_it.o(.text)
    .text                                    0x080001f4   Section        0  system_stm32f10x.o(.text)
    SetSysClockTo72                          0x080001f5   Thumb Code   214  system_stm32f10x.o(.text)
    SetSysClock                              0x080002cb   Thumb Code     8  system_stm32f10x.o(.text)
    .text                                    0x080003d4   Section        0  g_usart.o(.text)
    .text                                    0x08000598   Section        0  rs_xx.o(.text)
    CRC_Check                                0x0800083b   Thumb Code    66  rs_xx.o(.text)
    .text                                    0x08000b24   Section        0  gpio.o(.text)
    .text                                    0x08000d78   Section        0  send.o(.text)
    .text                                    0x08000db0   Section        0  stmflash.o(.text)
    .text                                    0x08000fc8   Section        0  delay.o(.text)
    .text                                    0x0800109c   Section       36  startup_stm32f10x_hd.o(.text)
    .text                                    0x080010c0   Section        0  stm32f10x_gpio.o(.text)
    .text                                    0x0800141c   Section        0  stm32f10x_rcc.o(.text)
    .text                                    0x080017c0   Section        0  stm32f10x_usart.o(.text)
    .text                                    0x08001bc8   Section        0  misc.o(.text)
    .text                                    0x08001ca4   Section        0  stm32f10x_flash.o(.text)
    .text                                    0x08002260   Section       36  init.o(.text)
    i.__scatterload_copy                     0x08002284   Section       14  handlers.o(i.__scatterload_copy)
    i.__scatterload_null                     0x08002292   Section        2  handlers.o(i.__scatterload_null)
    i.__scatterload_zeroinit                 0x08002294   Section       14  handlers.o(i.__scatterload_zeroinit)
    .data                                    0x20000000   Section       20  system_stm32f10x.o(.data)
    .data                                    0x20000014   Section       12  g_usart.o(.data)
    USART_Print                              0x2000001c   Data           4  g_usart.o(.data)
    .data                                    0x20000020   Section       44  rs_xx.o(.data)
    receiveIndex                             0x2000003d   Data           1  rs_xx.o(.data)
    reg_start                                0x2000003e   Data           1  rs_xx.o(.data)
    reg_end                                  0x2000003f   Data           1  rs_xx.o(.data)
    cmd_start                                0x20000040   Data           1  rs_xx.o(.data)
    cmd_end                                  0x20000041   Data           1  rs_xx.o(.data)
    hight8_crc                               0x20000042   Data           2  rs_xx.o(.data)
    pget                                     0x20000044   Data           4  rs_xx.o(.data)
    psend                                    0x20000048   Data           4  rs_xx.o(.data)
    .data                                    0x2000004c   Section        6  stmflash.o(.data)
    .data                                    0x20000052   Section        4  delay.o(.data)
    fac_us                                   0x20000052   Data           1  delay.o(.data)
    fac_ms                                   0x20000054   Data           2  delay.o(.data)
    .data                                    0x20000056   Section       20  stm32f10x_rcc.o(.data)
    APBAHBPrescTable                         0x20000056   Data          16  stm32f10x_rcc.o(.data)
    ADCPrescTable                            0x20000066   Data           4  stm32f10x_rcc.o(.data)
    .bss                                     0x2000006c   Section      360  rs_xx.o(.bss)
    .bss                                     0x200001d4   Section     2048  stmflash.o(.bss)
    STACK                                    0x200009d8   Section     1024  startup_stm32f10x_hd.o(STACK)

    Global Symbols

    Symbol Name                              Value     Ov Type        Size  Object(Section)

    BuildAttributes$$THM_ISAv4$P$D$K$B$S$PE$A:L22UL41UL21$X:L11$S22US41US21$IEEE1$IW$USESV6$~STKCKD$USESV7$~SHL$OSPACE$EBA8$MICROLIB$REQ8$PRES8$EABIv2 0x00000000   Number         0  anon$$obj.o ABSOLUTE
    __ARM_use_no_argv                        0x00000000   Number         0  main.o ABSOLUTE
    __cpp_initialize__aeabi_                  - Undefined Weak Reference
    __cxa_finalize                            - Undefined Weak Reference
    __decompress                              - Undefined Weak Reference
    _clock_init                               - Undefined Weak Reference
    _microlib_exit                            - Undefined Weak Reference
    __Vectors_Size                           0x00000130   Number         0  startup_stm32f10x_hd.o ABSOLUTE
    __Vectors                                0x08000000   Data           4  startup_stm32f10x_hd.o(RESET)
    __Vectors_End                            0x08000130   Data           0  startup_stm32f10x_hd.o(RESET)
    __main                                   0x08000131   Thumb Code     0  entry.o(.ARM.Collect$$$$00000000)
    _main_stk                                0x08000131   Thumb Code     0  entry2.o(.ARM.Collect$$$$00000001)
    _main_scatterload                        0x08000135   Thumb Code     0  entry5.o(.ARM.Collect$$$$00000004)
    __main_after_scatterload                 0x08000139   Thumb Code     0  entry5.o(.ARM.Collect$$$$00000004)
    _main_clock                              0x08000139   Thumb Code     0  entry7b.o(.ARM.Collect$$$$00000008)
    _main_cpp_init                           0x08000139   Thumb Code     0  entry8b.o(.ARM.Collect$$$$0000000A)
    _main_init                               0x08000139   Thumb Code     0  entry9a.o(.ARM.Collect$$$$0000000B)
    __rt_final_cpp                           0x08000141   Thumb Code     0  entry10a.o(.ARM.Collect$$$$0000000D)
    __rt_final_exit                          0x08000141   Thumb Code     0  entry11a.o(.ARM.Collect$$$$0000000F)
    main                                     0x08000145   Thumb Code   134  main.o(.text)
    NMI_Handler                              0x080001d9   Thumb Code     2  stm32f10x_it.o(.text)
    HardFault_Handler                        0x080001db   Thumb Code     4  stm32f10x_it.o(.text)
    MemManage_Handler                        0x080001df   Thumb Code     4  stm32f10x_it.o(.text)
    BusFault_Handler                         0x080001e3   Thumb Code     4  stm32f10x_it.o(.text)
    UsageFault_Handler                       0x080001e7   Thumb Code     4  stm32f10x_it.o(.text)
    SVC_Handler                              0x080001eb   Thumb Code     2  stm32f10x_it.o(.text)
    DebugMon_Handler                         0x080001ed   Thumb Code     2  stm32f10x_it.o(.text)
    PendSV_Handler                           0x080001ef   Thumb Code     2  stm32f10x_it.o(.text)
    SysTick_Handler                          0x080001f1   Thumb Code     2  stm32f10x_it.o(.text)
    SystemInit                               0x080002d3   Thumb Code    78  system_stm32f10x.o(.text)
    SystemCoreClockUpdate                    0x08000321   Thumb Code   142  system_stm32f10x.o(.text)
    uart_init                                0x080003d5   Thumb Code   160  g_usart.o(.text)
    USART_SendByte                           0x08000475   Thumb Code    90  g_usart.o(.text)
    protocolSend_BoChuang                    0x080004cf   Thumb Code   136  g_usart.o(.text)
    USART_PrintfInit                         0x08000557   Thumb Code     6  g_usart.o(.text)
    fputc                                    0x0800055d   Thumb Code    20  g_usart.o(.text)
    USART1_IRQHandler                        0x08000571   Thumb Code     8  g_usart.o(.text)
    relay_control                            0x08000599   Thumb Code   376  rs_xx.o(.text)
    controlling                              0x08000711   Thumb Code   298  rs_xx.o(.text)
    lora_get                                 0x0800087d   Thumb Code   554  rs_xx.o(.text)
    lora_send                                0x08000aa7   Thumb Code    74  rs_xx.o(.text)
    gpio_Init                                0x08000b25   Thumb Code   576  gpio.o(.text)
    USART_SendBytes                          0x08000d79   Thumb Code    52  send.o(.text)
    STMFLASH_ReadHalfWord                    0x08000db1   Thumb Code     6  stmflash.o(.text)
    STMFLASH_Read                            0x08000db7   Thumb Code    34  stmflash.o(.text)
    flash_init                               0x08000dd9   Thumb Code    26  stmflash.o(.text)
    STMFLASH_Write_NoCheck                   0x08000df3   Thumb Code    38  stmflash.o(.text)
    STMFLASH_Write                           0x08000e19   Thumb Code   222  stmflash.o(.text)
    flash_485_write                          0x08000ef7   Thumb Code   164  stmflash.o(.text)
    Test_Write                               0x08000f9b   Thumb Code    16  stmflash.o(.text)
    delay_init                               0x08000fc9   Thumb Code    50  delay.o(.text)
    delay_us                                 0x08000ffb   Thumb Code    72  delay.o(.text)
    delay_ms                                 0x08001043   Thumb Code    72  delay.o(.text)
    Reset_Handler                            0x0800109d   Thumb Code     8  startup_stm32f10x_hd.o(.text)
    ADC1_2_IRQHandler                        0x080010b7   Thumb Code     0  startup_stm32f10x_hd.o(.text)
    ADC3_IRQHandler                          0x080010b7   Thumb Code     0  startup_stm32f10x_hd.o(.text)
    CAN1_RX1_IRQHandler                      0x080010b7   Thumb Code     0  startup_stm32f10x_hd.o(.text)
    CAN1_SCE_IRQHandler                      0x080010b7   Thumb Code     0  startup_stm32f10x_hd.o(.text)
    DMA1_Channel1_IRQHandler                 0x080010b7   Thumb Code     0  startup_stm32f10x_hd.o(.text)
    DMA1_Channel2_IRQHandler                 0x080010b7   Thumb Code     0  startup_stm32f10x_hd.o(.text)
    DMA1_Channel3_IRQHandler                 0x080010b7   Thumb Code     0  startup_stm32f10x_hd.o(.text)
    DMA1_Channel4_IRQHandler                 0x080010b7   Thumb Code     0  startup_stm32f10x_hd.o(.text)
    DMA1_Channel5_IRQHandler                 0x080010b7   Thumb Code     0  startup_stm32f10x_hd.o(.text)
    DMA1_Channel6_IRQHandler                 0x080010b7   Thumb Code     0  startup_stm32f10x_hd.o(.text)
    DMA1_Channel7_IRQHandler                 0x080010b7   Thumb Code     0  startup_stm32f10x_hd.o(.text)
    DMA2_Channel1_IRQHandler                 0x080010b7   Thumb Code     0  startup_stm32f10x_hd.o(.text)
    DMA2_Channel2_IRQHandler                 0x080010b7   Thumb Code     0  startup_stm32f10x_hd.o(.text)
    DMA2_Channel3_IRQHandler                 0x080010b7   Thumb Code     0  startup_stm32f10x_hd.o(.text)
    DMA2_Channel4_5_IRQHandler               0x080010b7   Thumb Code     0  startup_stm32f10x_hd.o(.text)
    EXTI0_IRQHandler                         0x080010b7   Thumb Code     0  startup_stm32f10x_hd.o(.text)
    EXTI15_10_IRQHandler                     0x080010b7   Thumb Code     0  startup_stm32f10x_hd.o(.text)
    EXTI1_IRQHandler                         0x080010b7   Thumb Code     0  startup_stm32f10x_hd.o(.text)
    EXTI2_IRQHandler                         0x080010b7   Thumb Code     0  startup_stm32f10x_hd.o(.text)
    EXTI3_IRQHandler                         0x080010b7   Thumb Code     0  startup_stm32f10x_hd.o(.text)
    EXTI4_IRQHandler                         0x080010b7   Thumb Code     0  startup_stm32f10x_hd.o(.text)
    EXTI9_5_IRQHandler                       0x080010b7   Thumb Code     0  startup_stm32f10x_hd.o(.text)
    FLASH_IRQHandler                         0x080010b7   Thumb Code     0  startup_stm32f10x_hd.o(.text)
    FSMC_IRQHandler                          0x080010b7   Thumb Code     0  startup_stm32f10x_hd.o(.text)
    I2C1_ER_IRQHandler                       0x080010b7   Thumb Code     0  startup_stm32f10x_hd.o(.text)
    I2C1_EV_IRQHandler                       0x080010b7   Thumb Code     0  startup_stm32f10x_hd.o(.text)
    I2C2_ER_IRQHandler                       0x080010b7   Thumb Code     0  startup_stm32f10x_hd.o(.text)
    I2C2_EV_IRQHandler                       0x080010b7   Thumb Code     0  startup_stm32f10x_hd.o(.text)
    PVD_IRQHandler                           0x080010b7   Thumb Code     0  startup_stm32f10x_hd.o(.text)
    RCC_IRQHandler                           0x080010b7   Thumb Code     0  startup_stm32f10x_hd.o(.text)
    RTCAlarm_IRQHandler                      0x080010b7   Thumb Code     0  startup_stm32f10x_hd.o(.text)
    RTC_IRQHandler                           0x080010b7   Thumb Code     0  startup_stm32f10x_hd.o(.text)
    SDIO_IRQHandler                          0x080010b7   Thumb Code     0  startup_stm32f10x_hd.o(.text)
    SPI1_IRQHandler                          0x080010b7   Thumb Code     0  startup_stm32f10x_hd.o(.text)
    SPI2_IRQHandler                          0x080010b7   Thumb Code     0  startup_stm32f10x_hd.o(.text)
    SPI3_IRQHandler                          0x080010b7   Thumb Code     0  startup_stm32f10x_hd.o(.text)
    TAMPER_IRQHandler                        0x080010b7   Thumb Code     0  startup_stm32f10x_hd.o(.text)
    TIM1_BRK_IRQHandler                      0x080010b7   Thumb Code     0  startup_stm32f10x_hd.o(.text)
    TIM1_CC_IRQHandler                       0x080010b7   Thumb Code     0  startup_stm32f10x_hd.o(.text)
    TIM1_TRG_COM_IRQHandler                  0x080010b7   Thumb Code     0  startup_stm32f10x_hd.o(.text)
    TIM1_UP_IRQHandler                       0x080010b7   Thumb Code     0  startup_stm32f10x_hd.o(.text)
    TIM2_IRQHandler                          0x080010b7   Thumb Code     0  startup_stm32f10x_hd.o(.text)
    TIM3_IRQHandler                          0x080010b7   Thumb Code     0  startup_stm32f10x_hd.o(.text)
    TIM4_IRQHandler                          0x080010b7   Thumb Code     0  startup_stm32f10x_hd.o(.text)
    TIM5_IRQHandler                          0x080010b7   Thumb Code     0  startup_stm32f10x_hd.o(.text)
    TIM6_IRQHandler                          0x080010b7   Thumb Code     0  startup_stm32f10x_hd.o(.text)
    TIM7_IRQHandler                          0x080010b7   Thumb Code     0  startup_stm32f10x_hd.o(.text)
    TIM8_BRK_IRQHandler                      0x080010b7   Thumb Code     0  startup_stm32f10x_hd.o(.text)
    TIM8_CC_IRQHandler                       0x080010b7   Thumb Code     0  startup_stm32f10x_hd.o(.text)
    TIM8_TRG_COM_IRQHandler                  0x080010b7   Thumb Code     0  startup_stm32f10x_hd.o(.text)
    TIM8_UP_IRQHandler                       0x080010b7   Thumb Code     0  startup_stm32f10x_hd.o(.text)
    UART4_IRQHandler                         0x080010b7   Thumb Code     0  startup_stm32f10x_hd.o(.text)
    UART5_IRQHandler                         0x080010b7   Thumb Code     0  startup_stm32f10x_hd.o(.text)
    USART2_IRQHandler                        0x080010b7   Thumb Code     0  startup_stm32f10x_hd.o(.text)
    USART3_IRQHandler                        0x080010b7   Thumb Code     0  startup_stm32f10x_hd.o(.text)
    USBWakeUp_IRQHandler                     0x080010b7   Thumb Code     0  startup_stm32f10x_hd.o(.text)
    USB_HP_CAN1_TX_IRQHandler                0x080010b7   Thumb Code     0  startup_stm32f10x_hd.o(.text)
    USB_LP_CAN1_RX0_IRQHandler               0x080010b7   Thumb Code     0  startup_stm32f10x_hd.o(.text)
    WWDG_IRQHandler                          0x080010b7   Thumb Code     0  startup_stm32f10x_hd.o(.text)
    GPIO_DeInit                              0x080010c1   Thumb Code   172  stm32f10x_gpio.o(.text)
    GPIO_AFIODeInit                          0x0800116d   Thumb Code    20  stm32f10x_gpio.o(.text)
    GPIO_Init                                0x08001181   Thumb Code   278  stm32f10x_gpio.o(.text)
    GPIO_StructInit                          0x08001297   Thumb Code    16  stm32f10x_gpio.o(.text)
    GPIO_ReadInputDataBit                    0x080012a7   Thumb Code    18  stm32f10x_gpio.o(.text)
    GPIO_ReadInputData                       0x080012b9   Thumb Code     8  stm32f10x_gpio.o(.text)
    GPIO_ReadOutputDataBit                   0x080012c1   Thumb Code    18  stm32f10x_gpio.o(.text)
    GPIO_ReadOutputData                      0x080012d3   Thumb Code     8  stm32f10x_gpio.o(.text)
    GPIO_SetBits                             0x080012db   Thumb Code     4  stm32f10x_gpio.o(.text)
    GPIO_ResetBits                           0x080012df   Thumb Code     4  stm32f10x_gpio.o(.text)
    GPIO_WriteBit                            0x080012e3   Thumb Code    10  stm32f10x_gpio.o(.text)
    GPIO_Write                               0x080012ed   Thumb Code     4  stm32f10x_gpio.o(.text)
    GPIO_PinLockConfig                       0x080012f1   Thumb Code    18  stm32f10x_gpio.o(.text)
    GPIO_EventOutputConfig                   0x08001303   Thumb Code    26  stm32f10x_gpio.o(.text)
    GPIO_EventOutputCmd                      0x0800131d   Thumb Code     6  stm32f10x_gpio.o(.text)
    GPIO_PinRemapConfig                      0x08001323   Thumb Code   138  stm32f10x_gpio.o(.text)
    GPIO_EXTILineConfig                      0x080013ad   Thumb Code    66  stm32f10x_gpio.o(.text)
    GPIO_ETH_MediaInterfaceConfig            0x080013ef   Thumb Code     8  stm32f10x_gpio.o(.text)
    RCC_DeInit                               0x0800141d   Thumb Code    64  stm32f10x_rcc.o(.text)
    RCC_HSEConfig                            0x0800145d   Thumb Code    70  stm32f10x_rcc.o(.text)
    RCC_GetFlagStatus                        0x080014a3   Thumb Code    56  stm32f10x_rcc.o(.text)
    RCC_WaitForHSEStartUp                    0x080014db   Thumb Code    56  stm32f10x_rcc.o(.text)
    RCC_AdjustHSICalibrationValue            0x08001513   Thumb Code    20  stm32f10x_rcc.o(.text)
    RCC_HSICmd                               0x08001527   Thumb Code     6  stm32f10x_rcc.o(.text)
    RCC_PLLConfig                            0x0800152d   Thumb Code    24  stm32f10x_rcc.o(.text)
    RCC_PLLCmd                               0x08001545   Thumb Code     6  stm32f10x_rcc.o(.text)
    RCC_SYSCLKConfig                         0x0800154b   Thumb Code    18  stm32f10x_rcc.o(.text)
    RCC_GetSYSCLKSource                      0x0800155d   Thumb Code    10  stm32f10x_rcc.o(.text)
    RCC_HCLKConfig                           0x08001567   Thumb Code    18  stm32f10x_rcc.o(.text)
    RCC_PCLK1Config                          0x08001579   Thumb Code    18  stm32f10x_rcc.o(.text)
    RCC_PCLK2Config                          0x0800158b   Thumb Code    20  stm32f10x_rcc.o(.text)
    RCC_ITConfig                             0x0800159f   Thumb Code    26  stm32f10x_rcc.o(.text)
    RCC_USBCLKConfig                         0x080015b9   Thumb Code     8  stm32f10x_rcc.o(.text)
    RCC_ADCCLKConfig                         0x080015c1   Thumb Code    18  stm32f10x_rcc.o(.text)
    RCC_LSEConfig                            0x080015d3   Thumb Code    50  stm32f10x_rcc.o(.text)
    RCC_LSICmd                               0x08001605   Thumb Code     6  stm32f10x_rcc.o(.text)
    RCC_RTCCLKConfig                         0x0800160b   Thumb Code    12  stm32f10x_rcc.o(.text)
    RCC_RTCCLKCmd                            0x08001617   Thumb Code     8  stm32f10x_rcc.o(.text)
    RCC_GetClocksFreq                        0x0800161f   Thumb Code   192  stm32f10x_rcc.o(.text)
    RCC_AHBPeriphClockCmd                    0x080016df   Thumb Code    26  stm32f10x_rcc.o(.text)
    RCC_APB2PeriphClockCmd                   0x080016f9   Thumb Code    26  stm32f10x_rcc.o(.text)
    RCC_APB1PeriphClockCmd                   0x08001713   Thumb Code    26  stm32f10x_rcc.o(.text)
    RCC_APB2PeriphResetCmd                   0x0800172d   Thumb Code    26  stm32f10x_rcc.o(.text)
    RCC_APB1PeriphResetCmd                   0x08001747   Thumb Code    26  stm32f10x_rcc.o(.text)
    RCC_BackupResetCmd                       0x08001761   Thumb Code     8  stm32f10x_rcc.o(.text)
    RCC_ClockSecuritySystemCmd               0x08001769   Thumb Code     6  stm32f10x_rcc.o(.text)
    RCC_MCOConfig                            0x0800176f   Thumb Code     6  stm32f10x_rcc.o(.text)
    RCC_ClearFlag                            0x08001775   Thumb Code    14  stm32f10x_rcc.o(.text)
    RCC_GetITStatus                          0x08001783   Thumb Code    20  stm32f10x_rcc.o(.text)
    RCC_ClearITPendingBit                    0x08001797   Thumb Code     6  stm32f10x_rcc.o(.text)
    USART_DeInit                             0x080017c1   Thumb Code   134  stm32f10x_usart.o(.text)
    USART_Init                               0x08001847   Thumb Code   210  stm32f10x_usart.o(.text)
    USART_StructInit                         0x08001919   Thumb Code    24  stm32f10x_usart.o(.text)
    USART_ClockInit                          0x08001931   Thumb Code    34  stm32f10x_usart.o(.text)
    USART_ClockStructInit                    0x08001953   Thumb Code    12  stm32f10x_usart.o(.text)
    USART_Cmd                                0x0800195f   Thumb Code    24  stm32f10x_usart.o(.text)
    USART_ITConfig                           0x08001977   Thumb Code    74  stm32f10x_usart.o(.text)
    USART_DMACmd                             0x080019c1   Thumb Code    18  stm32f10x_usart.o(.text)
    USART_SetAddress                         0x080019d3   Thumb Code    18  stm32f10x_usart.o(.text)
    USART_WakeUpConfig                       0x080019e5   Thumb Code    18  stm32f10x_usart.o(.text)
    USART_ReceiverWakeUpCmd                  0x080019f7   Thumb Code    24  stm32f10x_usart.o(.text)
    USART_LINBreakDetectLengthConfig         0x08001a0f   Thumb Code    18  stm32f10x_usart.o(.text)
    USART_LINCmd                             0x08001a21   Thumb Code    24  stm32f10x_usart.o(.text)
    USART_SendData                           0x08001a39   Thumb Code     8  stm32f10x_usart.o(.text)
    USART_ReceiveData                        0x08001a41   Thumb Code    10  stm32f10x_usart.o(.text)
    USART_SendBreak                          0x08001a4b   Thumb Code    10  stm32f10x_usart.o(.text)
    USART_SetGuardTime                       0x08001a55   Thumb Code    16  stm32f10x_usart.o(.text)
    USART_SetPrescaler                       0x08001a65   Thumb Code    16  stm32f10x_usart.o(.text)
    USART_SmartCardCmd                       0x08001a75   Thumb Code    24  stm32f10x_usart.o(.text)
    USART_SmartCardNACKCmd                   0x08001a8d   Thumb Code    24  stm32f10x_usart.o(.text)
    USART_HalfDuplexCmd                      0x08001aa5   Thumb Code    24  stm32f10x_usart.o(.text)
    USART_OverSampling8Cmd                   0x08001abd   Thumb Code    22  stm32f10x_usart.o(.text)
    USART_OneBitMethodCmd                    0x08001ad3   Thumb Code    24  stm32f10x_usart.o(.text)
    USART_IrDAConfig                         0x08001aeb   Thumb Code    18  stm32f10x_usart.o(.text)
    USART_IrDACmd                            0x08001afd   Thumb Code    24  stm32f10x_usart.o(.text)
    USART_GetFlagStatus                      0x08001b15   Thumb Code    26  stm32f10x_usart.o(.text)
    USART_ClearFlag                          0x08001b2f   Thumb Code    18  stm32f10x_usart.o(.text)
    USART_GetITStatus                        0x08001b41   Thumb Code    84  stm32f10x_usart.o(.text)
    USART_ClearITPendingBit                  0x08001b95   Thumb Code    52  stm32f10x_usart.o(.text)
    NVIC_PriorityGroupConfig                 0x08001bc9   Thumb Code    10  misc.o(.text)
    NVIC_Init                                0x08001bd3   Thumb Code   100  misc.o(.text)
    NVIC_SetVectorTable                      0x08001c37   Thumb Code    14  misc.o(.text)
    NVIC_SystemLPConfig                      0x08001c45   Thumb Code    34  misc.o(.text)
    SysTick_CLKSourceConfig                  0x08001c67   Thumb Code    40  misc.o(.text)
    FLASH_SetLatency                         0x08001ca5   Thumb Code    18  stm32f10x_flash.o(.text)
    FLASH_HalfCycleAccessCmd                 0x08001cb7   Thumb Code    22  stm32f10x_flash.o(.text)
    FLASH_PrefetchBufferCmd                  0x08001ccd   Thumb Code    22  stm32f10x_flash.o(.text)
    FLASH_Unlock                             0x08001ce3   Thumb Code    12  stm32f10x_flash.o(.text)
    FLASH_UnlockBank1                        0x08001cef   Thumb Code    12  stm32f10x_flash.o(.text)
    FLASH_Lock                               0x08001cfb   Thumb Code    14  stm32f10x_flash.o(.text)
    FLASH_LockBank1                          0x08001d09   Thumb Code    14  stm32f10x_flash.o(.text)
    FLASH_GetBank1Status                     0x08001d17   Thumb Code    48  stm32f10x_flash.o(.text)
    FLASH_WaitForLastOperation               0x08001d47   Thumb Code    38  stm32f10x_flash.o(.text)
    FLASH_ErasePage                          0x08001d6d   Thumb Code    72  stm32f10x_flash.o(.text)
    FLASH_EraseAllPages                      0x08001db5   Thumb Code    68  stm32f10x_flash.o(.text)
    FLASH_WaitForLastBank1Operation          0x08001df9   Thumb Code    38  stm32f10x_flash.o(.text)
    FLASH_EraseAllBank1Pages                 0x08001e1f   Thumb Code    68  stm32f10x_flash.o(.text)
    FLASH_GetReadOutProtectionStatus         0x08001e63   Thumb Code    20  stm32f10x_flash.o(.text)
    FLASH_EraseOptionBytes                   0x08001e77   Thumb Code   150  stm32f10x_flash.o(.text)
    FLASH_ProgramWord                        0x08001f0d   Thumb Code   102  stm32f10x_flash.o(.text)
    FLASH_ProgramHalfWord                    0x08001f73   Thumb Code    60  stm32f10x_flash.o(.text)
    FLASH_ProgramOptionByteData              0x08001faf   Thumb Code    72  stm32f10x_flash.o(.text)
    FLASH_EnableWriteProtection              0x08001ff7   Thumb Code   200  stm32f10x_flash.o(.text)
    FLASH_ReadOutProtection                  0x080020bf   Thumb Code   156  stm32f10x_flash.o(.text)
    FLASH_UserOptionByteConfig               0x0800215b   Thumb Code    88  stm32f10x_flash.o(.text)
    FLASH_GetUserOptionByte                  0x080021b3   Thumb Code     8  stm32f10x_flash.o(.text)
    FLASH_GetWriteProtectionOptionByte       0x080021bb   Thumb Code     6  stm32f10x_flash.o(.text)
    FLASH_GetPrefetchBufferStatus            0x080021c1   Thumb Code    20  stm32f10x_flash.o(.text)
    FLASH_ITConfig                           0x080021d5   Thumb Code    26  stm32f10x_flash.o(.text)
    FLASH_GetFlagStatus                      0x080021ef   Thumb Code    42  stm32f10x_flash.o(.text)
    FLASH_ClearFlag                          0x08002219   Thumb Code     6  stm32f10x_flash.o(.text)
    FLASH_GetStatus                          0x0800221f   Thumb Code    48  stm32f10x_flash.o(.text)
    __scatterload                            0x08002261   Thumb Code    28  init.o(.text)
    __scatterload_rt2                        0x08002261   Thumb Code     0  init.o(.text)
    __scatterload_copy                       0x08002285   Thumb Code    14  handlers.o(i.__scatterload_copy)
    __scatterload_null                       0x08002293   Thumb Code     2  handlers.o(i.__scatterload_null)
    __scatterload_zeroinit                   0x08002295   Thumb Code    14  handlers.o(i.__scatterload_zeroinit)
    Region$$Table$$Base                      0x080022a4   Number         0  anon$$obj.o(Region$$Table)
    Region$$Table$$Limit                     0x080022c4   Number         0  anon$$obj.o(Region$$Table)
    SystemCoreClock                          0x20000000   Data           4  system_stm32f10x.o(.data)
    AHBPrescTable                            0x20000004   Data          16  system_stm32f10x.o(.data)
    g_HaveUSARTConfigured                    0x20000014   Data           6  g_usart.o(.data)
    g_USART1_ReceivedBuf                     0x2000001a   Data           1  g_usart.o(.data)
    readAddrNow                              0x20000020   Data           1  rs_xx.o(.data)
    send                                     0x20000022   Data           6  rs_xx.o(.data)
    get                                      0x20000028   Data           8  rs_xx.o(.data)
    get_sent_flag                            0x20000030   Data           1  rs_xx.o(.data)
    set_mode                                 0x20000031   Data           1  rs_xx.o(.data)
    dkc_status                               0x20000032   Data           1  rs_xx.o(.data)
    wzy_status                               0x20000033   Data           1  rs_xx.o(.data)
    nzy_status                               0x20000034   Data           1  rs_xx.o(.data)
    nbw_status                               0x20000035   Data           1  rs_xx.o(.data)
    wfc_status                               0x20000036   Data           1  rs_xx.o(.data)
    wind1_status                             0x20000037   Data           1  rs_xx.o(.data)
    wind2_status                             0x20000038   Data           1  rs_xx.o(.data)
    windround_status                         0x20000039   Data           1  rs_xx.o(.data)
    water_status                             0x2000003a   Data           1  rs_xx.o(.data)
    light1_status                            0x2000003b   Data           1  rs_xx.o(.data)
    light2_status                            0x2000003c   Data           1  rs_xx.o(.data)
    flash_index                              0x2000004c   Data           2  stmflash.o(.data)
    base_num                                 0x2000004e   Data           2  stmflash.o(.data)
    lora_id                                  0x20000050   Data           2  stmflash.o(.data)
    checkCrcBuff                             0x2000006c   Data         260  rs_xx.o(.bss)
    buf1                                     0x20000170   Data         100  rs_xx.o(.bss)
    STMFLASH_BUF                             0x200001d4   Data        2048  stmflash.o(.bss)
    __initial_sp                             0x20000dd8   Data           0  startup_stm32f10x_hd.o(STACK)



==============================================================================

Memory Map of the image

  Image Entry point : 0x08000131

  Load Region LR_IROM1 (Base: 0x08000000, Size: 0x00002330, Max: 0x00040000, ABSOLUTE)

    Execution Region ER_IROM1 (Exec base: 0x08000000, Load base: 0x08000000, Size: 0x000022c4, Max: 0x00040000, ABSOLUTE)

    Exec Addr    Load Addr    Size         Type   Attr      Idx    E Section Name        Object

    0x08000000   0x08000000   0x00000130   Data   RO          326    RESET               startup_stm32f10x_hd.o
    0x08000130   0x08000130   0x00000000   Code   RO          393  * .ARM.Collect$$$$00000000  mc_w.l(entry.o)
    0x08000130   0x08000130   0x00000004   Code   RO          396    .ARM.Collect$$$$00000001  mc_w.l(entry2.o)
    0x08000134   0x08000134   0x00000004   Code   RO          399    .ARM.Collect$$$$00000004  mc_w.l(entry5.o)
    0x08000138   0x08000138   0x00000000   Code   RO          401    .ARM.Collect$$$$00000008  mc_w.l(entry7b.o)
    0x08000138   0x08000138   0x00000000   Code   RO          403    .ARM.Collect$$$$0000000A  mc_w.l(entry8b.o)
    0x08000138   0x08000138   0x00000008   Code   RO          404    .ARM.Collect$$$$0000000B  mc_w.l(entry9a.o)
    0x08000140   0x08000140   0x00000000   Code   RO          406    .ARM.Collect$$$$0000000D  mc_w.l(entry10a.o)
    0x08000140   0x08000140   0x00000000   Code   RO          408    .ARM.Collect$$$$0000000F  mc_w.l(entry11a.o)
    0x08000140   0x08000140   0x00000004   Code   RO          397    .ARM.Collect$$$$00002712  mc_w.l(entry2.o)
    0x08000144   0x08000144   0x00000094   Code   RO            1    .text               main.o
    0x080001d8   0x080001d8   0x0000001a   Code   RO          138    .text               stm32f10x_it.o
    0x080001f2   0x080001f2   0x00000002   PAD
    0x080001f4   0x080001f4   0x000001e0   Code   RO          179    .text               system_stm32f10x.o
    0x080003d4   0x080003d4   0x000001c4   Code   RO          197    .text               g_usart.o
    0x08000598   0x08000598   0x0000058c   Code   RO          222    .text               rs_xx.o
    0x08000b24   0x08000b24   0x00000254   Code   RO          239    .text               gpio.o
    0x08000d78   0x08000d78   0x00000038   Code   RO          251    .text               send.o
    0x08000db0   0x08000db0   0x00000218   Code   RO          263    .text               stmflash.o
    0x08000fc8   0x08000fc8   0x000000d4   Code   RO          280    .text               delay.o
    0x0800109c   0x0800109c   0x00000024   Code   RO          327    .text               startup_stm32f10x_hd.o
    0x080010c0   0x080010c0   0x0000035c   Code   RO          331    .text               stm32f10x_gpio.o
    0x0800141c   0x0800141c   0x000003a4   Code   RO          343    .text               stm32f10x_rcc.o
    0x080017c0   0x080017c0   0x00000408   Code   RO          357    .text               stm32f10x_usart.o
    0x08001bc8   0x08001bc8   0x000000dc   Code   RO          369    .text               misc.o
    0x08001ca4   0x08001ca4   0x000005bc   Code   RO          381    .text               stm32f10x_flash.o
    0x08002260   0x08002260   0x00000024   Code   RO          410    .text               mc_w.l(init.o)
    0x08002284   0x08002284   0x0000000e   Code   RO          414    i.__scatterload_copy  mc_w.l(handlers.o)
    0x08002292   0x08002292   0x00000002   Code   RO          415    i.__scatterload_null  mc_w.l(handlers.o)
    0x08002294   0x08002294   0x0000000e   Code   RO          416    i.__scatterload_zeroinit  mc_w.l(handlers.o)
    0x080022a2   0x080022a2   0x00000002   PAD
    0x080022a4   0x080022a4   0x00000020   Data   RO          412    Region$$Table       anon$$obj.o


    Execution Region RW_IRAM1 (Exec base: 0x20000000, Load base: 0x080022c4, Size: 0x00000dd8, Max: 0x0000c000, ABSOLUTE)

    Exec Addr    Load Addr    Size         Type   Attr      Idx    E Section Name        Object

    0x20000000   0x080022c4   0x00000014   Data   RW          180    .data               system_stm32f10x.o
    0x20000014   0x080022d8   0x0000000c   Data   RW          198    .data               g_usart.o
    0x20000020   0x080022e4   0x0000002c   Data   RW          224    .data               rs_xx.o
    0x2000004c   0x08002310   0x00000006   Data   RW          265    .data               stmflash.o
    0x20000052   0x08002316   0x00000004   Data   RW          281    .data               delay.o
    0x20000056   0x0800231a   0x00000014   Data   RW          344    .data               stm32f10x_rcc.o
    0x2000006a   0x0800232e   0x00000002   PAD
    0x2000006c        -       0x00000168   Zero   RW          223    .bss                rs_xx.o
    0x200001d4        -       0x00000800   Zero   RW          264    .bss                stmflash.o
    0x200009d4   0x0800232e   0x00000004   PAD
    0x200009d8        -       0x00000400   Zero   RW          324    STACK               startup_stm32f10x_hd.o


==============================================================================

Image component sizes


      Code (inc. data)   RO Data    RW Data    ZI Data      Debug   Object Name

       212         18          0          4          0       1027   delay.o
       452         32          0         12          0       3267   g_usart.o
       596         20          0          0          0        744   gpio.o
       148         14          0          0          0     244959   main.o
       220         22          0          0          0       1785   misc.o
      1420        186          0         44        360       3809   rs_xx.o
        56          4          0          0          0       1018   send.o
        36          8        304          0       1024        772   startup_stm32f10x_hd.o
      1468         34          0          0          0       8190   stm32f10x_flash.o
       860         38          0          0          0       5717   stm32f10x_gpio.o
        26          0          0          0          0       1170   stm32f10x_it.o
       932         36          0         20          0       8884   stm32f10x_rcc.o
      1032         22          0          0          0       8440   stm32f10x_usart.o
       536         30          0          6       2048       3369   stmflash.o
         0          0          0          0          0         32   sys.o
       480         38          0         20          0       1715   system_stm32f10x.o

    ----------------------------------------------------------------------
      8476        502        336        108       3436     294898   Object Totals
         0          0         32          0          0          0   (incl. Generated)
         2          0          0          2          4          0   (incl. Padding)

    ----------------------------------------------------------------------

      Code (inc. data)   RO Data    RW Data    ZI Data      Debug   Library Member Name

         0          0          0          0          0          0   entry.o
         0          0          0          0          0          0   entry10a.o
         0          0          0          0          0          0   entry11a.o
         8          4          0          0          0          0   entry2.o
         4          0          0          0          0          0   entry5.o
         0          0          0          0          0          0   entry7b.o
         0          0          0          0          0          0   entry8b.o
         8          4          0          0          0          0   entry9a.o
        30          0          0          0          0          0   handlers.o
        36          8          0          0          0         68   init.o

    ----------------------------------------------------------------------
        88         16          0          0          0         68   Library Totals
         2          0          0          0          0          0   (incl. Padding)

    ----------------------------------------------------------------------

      Code (inc. data)   RO Data    RW Data    ZI Data      Debug   Library Name

        86         16          0          0          0         68   mc_w.l

    ----------------------------------------------------------------------
        88         16          0          0          0         68   Library Totals

    ----------------------------------------------------------------------

==============================================================================


      Code (inc. data)   RO Data    RW Data    ZI Data      Debug   

      8564        518        336        108       3436     293922   Grand Totals
      8564        518        336        108       3436     293922   ELF Image Totals
      8564        518        336        108          0          0   ROM Totals

==============================================================================

    Total RO  Size (Code + RO Data)                 8900 (   8.69kB)
    Total RW  Size (RW Data + ZI Data)              3544 (   3.46kB)
    Total ROM Size (Code + RO Data + RW Data)       9008 (   8.80kB)

==============================================================================

